// Jest Snapshot v1, https://goo.gl/fbAQLP

exports[`ItemList should match snapshot 1`] = `
<div>
  <section
    class="item-list"
  >
    <div
      class="container"
    >
      <div
        class="row no-gutters"
      >
        <div
          class="item"
        >
          <div
            class="paper"
          >
            <a
              data-backdrop="static"
              data-target="#itemModal"
              data-toggle="modal"
              href="#"
            >
              <div
                class="product-thumb"
              >
                <div
                  class="product-size"
                >
                  L
                </div>
                <img
                  class="product-thumb"
                  src="static/truecoffee-ordering/images/product-coffee1.png"
                  srcset="static/truecoffee-ordering/images/product-coffee1.png 2x, static/truecoffee-ordering/images/product-coffee1.png 3x"
                />
              </div>
              <div
                class="product-info"
              >
                <div
                  class="product-type"
                >
                  Coffee
                </div>
                <div
                  class="product-name"
                >
                  Iced Cafe Latte - LIced Cafe Latte - L
                </div>
                <div
                  class="product-price-add"
                >
                  <div
                    class="product-price"
                  >
                    ฿85.00
                  </div>
                  <div
                    class="product-add icn-add-cart"
                  />
                </div>
              </div>
            </a>
          </div>
        </div>
        <div
          class="item"
        >
          <div
            class="paper"
          >
            <a
              href="#"
            >
              <div
                class="product-thumb"
              >
                <div
                  class="product-size"
                >
                  M
                </div>
                <img
                  class="product-thumb"
                  src="static/truecoffee-ordering/images/product-coffee1.png"
                  srcset="static/truecoffee-ordering/images/product-coffee1.png 2x, static/truecoffee-ordering/images/product-coffee1.png 3x"
                />
              </div>
              <div
                class="product-info"
              >
                <div
                  class="product-type"
                >
                  Coffee
                </div>
                <div
                  class="product-name"
                >
                  Iced Americano - M
                </div>
                <div
                  class="product-price-add"
                >
                  <div
                    class="product-price"
                  >
                    ฿85.00
                  </div>
                  <div
                    class="product-add icn-add-cart"
                  />
                </div>
              </div>
            </a>
          </div>
        </div>
        <div
          class="item"
        >
          <div
            class="paper"
          >
            <a
              href="#"
            >
              <div
                class="product-thumb"
              >
                <div
                  class="product-size"
                >
                  M
                </div>
                <img
                  class="product-thumb"
                  src="static/truecoffee-ordering/images/product-coffee3.png"
                  srcset="static/truecoffee-ordering/images/product-coffee3.png 2x, static/truecoffee-ordering/images/product-coffee3.png 3x"
                />
              </div>
              <div
                class="product-info"
              >
                <div
                  class="product-type"
                >
                  Coffee
                </div>
                <div
                  class="product-name"
                >
                  Iced Caramel Macchiato - M
                </div>
                <div
                  class="product-price-add"
                >
                  <div
                    class="product-price"
                  >
                    ฿85.00
                  </div>
                  <div
                    class="product-add icn-add-cart"
                  />
                </div>
              </div>
            </a>
          </div>
        </div>
        <div
          class="item"
        >
          <div
            class="paper"
          >
            <a
              href="#"
            >
              <div
                class="product-thumb"
              >
                <div
                  class="product-size"
                >
                  M
                </div>
                <img
                  class="product-thumb"
                  src="static/truecoffee-ordering/images/product-coffee4.png"
                  srcset="static/truecoffee-ordering/images/product-coffee4.png 2x, static/truecoffee-ordering/images/product-coffee4.png 3x"
                />
              </div>
              <div
                class="product-info"
              >
                <div
                  class="product-type"
                >
                  Coffee
                </div>
                <div
                  class="product-name"
                >
                  Iced Cappuccino - M
                </div>
                <div
                  class="product-price-add"
                >
                  <div
                    class="product-price"
                  >
                    ฿85.00
                  </div>
                  <div
                    class="product-add icn-add-cart"
                  />
                </div>
              </div>
            </a>
          </div>
        </div>
        <div
          class="item"
        >
          <div
            class="paper"
          >
            <a
              href="#"
            >
              <div
                class="product-thumb"
              >
                <div
                  class="product-size"
                >
                  M
                </div>
                <img
                  class="product-thumb"
                  src="static/truecoffee-ordering/images/product-coffee4.png"
                  srcset="static/truecoffee-ordering/images/product-coffee4.png 2x, static/truecoffee-ordering/images/product-coffee4.png 3x"
                />
              </div>
              <div
                class="product-info"
              >
                <div
                  class="product-type"
                >
                  Coffee
                </div>
                <div
                  class="product-name"
                >
                  Iced Cappuccino - M
                </div>
                <div
                  class="product-price-add"
                >
                  <div
                    class="product-price"
                  >
                    ฿85.00
                  </div>
                  <div
                    class="product-add icn-add-cart"
                  />
                </div>
              </div>
            </a>
          </div>
        </div>
        <div
          class="item"
        >
          <div
            class="paper"
          >
            <a
              href="#"
            >
              <div
                class="product-thumb"
              >
                <div
                  class="product-size"
                >
                  M
                </div>
                <img
                  class="product-thumb"
                  src="static/truecoffee-ordering/images/product-coffee4.png"
                  srcset="static/truecoffee-ordering/images/product-coffee4.png 2x, static/truecoffee-ordering/images/product-coffee4.png 3x"
                />
              </div>
              <div
                class="product-info"
              >
                <div
                  class="product-type"
                >
                  Coffee
                </div>
                <div
                  class="product-name"
                >
                  Iced Cappuccino - M
                </div>
                <div
                  class="product-price-add"
                >
                  <div
                    class="product-price"
                  >
                    ฿85.00
                  </div>
                  <div
                    class="product-add icn-add-cart"
                  />
                </div>
              </div>
            </a>
          </div>
        </div>
        <div
          class="item"
        >
          <div
            class="paper"
          >
            <a
              href="#"
            >
              <div
                class="product-thumb"
              >
                <div
                  class="product-size"
                >
                  M
                </div>
                <img
                  class="product-thumb"
                  src="static/truecoffee-ordering/images/product-coffee4.png"
                  srcset="static/truecoffee-ordering/images/product-coffee4.png 2x, static/truecoffee-ordering/images/product-coffee4.png 3x"
                />
              </div>
              <div
                class="product-info"
              >
                <div
                  class="product-type"
                >
                  Coffee
                </div>
                <div
                  class="product-name"
                >
                  Iced Cappuccino - M
                </div>
                <div
                  class="product-price-add"
                >
                  <div
                    class="product-price"
                  >
                    ฿85.00
                  </div>
                  <div
                    class="product-add icn-add-cart"
                  />
                </div>
              </div>
            </a>
          </div>
        </div>
        <div
          class="item"
        >
          <div
            class="paper"
          >
            <a
              href="#"
            >
              <div
                class="product-thumb"
              >
                <div
                  class="product-size"
                >
                  M
                </div>
                <img
                  class="product-thumb"
                  src="static/truecoffee-ordering/images/product-coffee4.png"
                  srcset="static/truecoffee-ordering/images/product-coffee4.png 2x, static/truecoffee-ordering/images/product-coffee4.png 3x"
                />
              </div>
              <div
                class="product-info"
              >
                <div
                  class="product-type"
                >
                  Coffee
                </div>
                <div
                  class="product-name"
                >
                  Iced Cappuccino - M
                </div>
                <div
                  class="product-price-add"
                >
                  <div
                    class="product-price"
                  >
                    ฿85.00
                  </div>
                  <div
                    class="product-add icn-add-cart"
                  />
                </div>
              </div>
            </a>
          </div>
        </div>
        <div
          class="item"
        >
          <div
            class="paper"
          >
            <a
              href="#"
            >
              <div
                class="product-thumb"
              >
                <div
                  class="product-size"
                >
                  M
                </div>
                <img
                  class="product-thumb"
                  src="static/truecoffee-ordering/images/product-coffee4.png"
                  srcset="static/truecoffee-ordering/images/product-coffee4.png 2x, static/truecoffee-ordering/images/product-coffee4.png 3x"
                />
              </div>
              <div
                class="product-info"
              >
                <div
                  class="product-type"
                >
                  Coffee
                </div>
                <div
                  class="product-name"
                >
                  Iced Cappuccino - M
                </div>
                <div
                  class="product-price-add"
                >
                  <div
                    class="product-price"
                  >
                    ฿85.00
                  </div>
                  <div
                    class="product-add icn-add-cart"
                  />
                </div>
              </div>
            </a>
          </div>
        </div>
        <div
          class="item"
        >
          <div
            class="paper"
          >
            <a
              href="#"
            >
              <div
                class="product-thumb"
              >
                <div
                  class="product-size"
                >
                  M
                </div>
                <img
                  class="product-thumb"
                  src="static/truecoffee-ordering/images/product-coffee4.png"
                  srcset="static/truecoffee-ordering/images/product-coffee4.png 2x, static/truecoffee-ordering/images/product-coffee4.png 3x"
                />
              </div>
              <div
                class="product-info"
              >
                <div
                  class="product-type"
                >
                  Coffee
                </div>
                <div
                  class="product-name"
                >
                  Iced Cappuccino - M
                </div>
                <div
                  class="product-price-add"
                >
                  <div
                    class="product-price"
                  >
                    ฿85.00
                  </div>
                  <div
                    class="product-add icn-add-cart"
                  />
                </div>
              </div>
            </a>
          </div>
        </div>
        <div
          class="item"
        >
          <div
            class="paper"
          >
            <a
              href="#"
            >
              <div
                class="product-thumb"
              >
                <div
                  class="product-size"
                >
                  M
                </div>
                <img
                  class="product-thumb"
                  src="static/truecoffee-ordering/images/product-coffee4.png"
                  srcset="static/truecoffee-ordering/images/product-coffee4.png 2x, static/truecoffee-ordering/images/product-coffee4.png 3x"
                />
              </div>
              <div
                class="product-info"
              >
                <div
                  class="product-type"
                >
                  Coffee
                </div>
                <div
                  class="product-name"
                >
                  Iced Cappuccino - M
                </div>
                <div
                  class="product-price-add"
                >
                  <div
                    class="product-price"
                  >
                    ฿85.00
                  </div>
                  <div
                    class="product-add icn-add-cart"
                  />
                </div>
              </div>
            </a>
          </div>
        </div>
      </div>
    </div>
  </section>
</div>
`;
